<!DOCTYPE html>
<html>
<body><a href="#" class="netflex-content-settings-btn netflex-content-btn-pos-topright btn btn-sm" style="position:absolute" data-area-name="Test button" data-area-field="image" data-area-description="This is a test" data-page-id="" data-area-config="" data-area-type="image" data-area-alias="image_" data-max-items="9">Test</a></body></html>