<!DOCTYPE html>
<html>
<body><picture id="e--image" class="  find-image" data-content-area="test_nfabcdefghijklmno1" data-content-type="image" data-content-dimensions="100x100" data-content-compressiontype="rc" data-content-id="">
		  <source srcset="https://placehold.it/100x100?src=320w" media="(max-width: 320px)">
		  <source srcset="https://placehold.it/100x100?src=480w" media="(max-width: 480px)">
		  <source srcset="https://placehold.it/100x100?src=768w" media="(max-width: 768px)">
		  <source srcset="https://placehold.it/100x100?src=992w" media="(max-width: 992px)">
		  <source srcset="https://placehold.it/100x100?src=1200w" media="(max-width: 1200px)">
		  <source srcset="https://placehold.it/100x100">
		  <img class="" src="https://placehold.it/100x100" alt="" title="">
		</picture></body></html>