<!DOCTYPE html>
<html>
<body><picture id="e--image" class="testpictureclass find-image" data-content-area="test_nfabcdefghijklmno1" data-content-type="image" data-content-dimensions="100x100" data-content-compressiontype="fill" data-content-id="">
        <source srcset="https://placehold.it/100x100?src=1w" media="(max-width: 1px)">        <source srcset="https://placehold.it/100x100?src=2w" media="(max-width: 2px)">        <source srcset="https://placehold.it/100x100?src=4w" media="(max-width: 4px)">        <source srcset="https://placehold.it/100x100?src=8w" media="(max-width: 8px)">        <source srcset="https://placehold.it/100x100?src=16w" media="(max-width: 16px)">        <source srcset="https://placehold.it/100x100?src=32w" media="(max-width: 32px)">        <source srcset="https://placehold.it/100x100?src=64w" media="(max-width: 64px)">        <source srcset="https://placehold.it/100x100?src=128w" media="(max-width: 128px)">        <source srcset="https://placehold.it/100x100?src=256w" media="(max-width: 256px)">
		  <source srcset="https://placehold.it/100x100">
		  <img class="testclass" src="https://placehold.it/100x100" alt="" title="">
		</picture></body></html>