<!DOCTYPE html>
<html>
<body><div id="e--html" class="testclass" data-content-area="test_nfabcdefghijklmno1" data-content-type="html" data-content-id="" contenteditable="true">
      
    </div></body></html>