<!DOCTYPE html>
<html>
<body><h1>Foo.Bar</h1></body></html>