<!DOCTYPE html>
<html>
<body><picture class="testpictureclass">
                <source srcset="https://test-cdn.dev/media/fill/100x100/255,255,255/fdsflpsd?src=1w" media="(max-width: 1px)">          <source srcset="https://test-cdn.dev/media/fill/100x100/255,255,255/fdsflpsd?src=2w" media="(max-width: 2px)">          <source srcset="https://test-cdn.dev/media/fill/100x100/255,255,255/fdsflpsd?src=4w" media="(max-width: 4px)">          <source srcset="https://test-cdn.dev/media/fill/100x100/255,255,255/fdsflpsd?src=8w" media="(max-width: 8px)">          <source srcset="https://test-cdn.dev/media/fill/100x100/255,255,255/fdsflpsd?src=16w" media="(max-width: 16px)">          <source srcset="https://test-cdn.dev/media/fill/100x100/255,255,255/fdsflpsd?src=32w" media="(max-width: 32px)">          <source srcset="https://test-cdn.dev/media/fill/100x100/255,255,255/fdsflpsd?src=64w" media="(max-width: 64px)">          <source srcset="https://test-cdn.dev/media/fill/100x100/255,255,255/fdsflpsd?src=128w" media="(max-width: 128px)">          <source srcset="https://test-cdn.dev/media/fill/100x100/255,255,255/fdsflpsd?src=256w" media="(max-width: 256px)">
      <source srcset="https://test-cdn.dev/media/fill/100x100/255,255,255/fdsflpsd">
      <img class="testclass" src="https://test-cdn.dev/media/fill/100x100/255,255,255/fdsflpsd" alt="" title="">
    </picture></body></html>