https://netflex-sdk.dev/test-&aelig;&oslash;&aring;