<!DOCTYPE html>
<html>
<body><h1>Test component [display_page_blocks]</h1></body></html>