{
    "id": 10001,
    "name": "Test 2",
    "url": "test-2\/",
    "revision": 10000,
    "published": true
}
