[
    {
        "id": 10000,
        "name": "Test Z",
        "published": true
    },
    {
        "id": 10001,
        "name": "Test A",
        "published": true
    }
]
