{
    "id": 10098,
    "name": "Test 3",
    "url": "test-3\/",
    "revision": 10002,
    "published": true
}
