{
    "id": 10000,
    "name": "Test 1",
    "url": "test-1\/",
    "revision": 10000,
    "published": true
}
