{
    "id": 10003,
    "name": "Test 3",
    "url": "test-3\/",
    "revision": 10001,
    "published": "1",
    "use_time": "0"
}
