[
    [
        "variant1"
    ],
    [
        "variant2"
    ]
]
