<!DOCTYPE html>
<html>

<body><div class="testClass"><h1>Foo.Bar</h1></div></body>
</html>