<!DOCTYPE html PUBLIC "-//W3C//DTD HTML 4.0 Transitional//EN" "http://www.w3.org/TR/REC-html40/loose.dtd">
<html><body>
<h1>Test component [display_page_blocks]</h1>
<h1>Test component [display_page_blocks]</h1>
</body></html>
