<!DOCTYPE html>
<html>

<body><picture class="">
      <source srcset="https://test-cdn.dev/media/fill/100x100/255,255,255/fdsflpsd?src=320w" media="(max-width: 320px)">
      <source srcset="https://test-cdn.dev/media/fill/100x100/255,255,255/fdsflpsd?src=480w" media="(max-width: 480px)">
      <source srcset="https://test-cdn.dev/media/fill/100x100/255,255,255/fdsflpsd?src=768w" media="(max-width: 768px)">
      <source srcset="https://test-cdn.dev/media/fill/100x100/255,255,255/fdsflpsd?src=992w" media="(max-width: 992px)">
      <source srcset="https://test-cdn.dev/media/fill/100x100/255,255,255/fdsflpsd?src=1200w" media="(max-width: 1200px)">
      <source srcset="https://test-cdn.dev/media/fill/100x100/255,255,255/fdsflpsd">
      <img class="testclass" src="https://test-cdn.dev/media/fill/100x100/255,255,255/fdsflpsd" alt="" title="">
    </picture></body>
</html>