<!DOCTYPE html>
<html>
<body><div class="testclass"><h1>Foo.Bar</h1></div></body></html>