<!DOCTYPE html>
<html>
<body><div class=""><h1>Foo.Bar</h1></div></body></html>