<!DOCTYPE html>
<html>

<body>
<h1>Test component [get_page_blocks]</h1>
<h1>Test component [get_page_blocks]</h1>
</body>
</html>