{
    "index": "entry",
    "_source": [],
    "body": {
        "sort": [],
        "query": {
            "bool": {
                "must": [
                    {
                        "range": {
                            "test": {
                                "gt": 10
                            }
                        }
                    }
                ]
            }
        }
    }
}
