{
    "index": "entry",
    "_source": [
        "field1"
    ],
    "body": {
        "sort": [],
        "query": {
            "bool": []
        }
    }
}
