{
    "index": "entry",
    "_source": [],
    "body": {
        "sort": [],
        "query": {
            "bool": {
                "must_not": [
                    {
                        "term": {
                            "test": "hello"
                        }
                    }
                ]
            }
        }
    }
}
