{
    "index": "test",
    "_source": [
        "id",
        "field1",
        "field2"
    ],
    "body": {
        "sort": [],
        "query": {
            "bool": []
        }
    }
}
