{
    "index": "entry",
    "_source": [],
    "body": {
        "sort": [],
        "query": {
            "bool": []
        }
    },
    "from": 10,
    "size": 100
}
