{
    "index": "entry",
    "_source": [],
    "body": {
        "sort": [],
        "query": {
            "bool": []
        }
    },
    "size": 10
}
