{
    "index": "page",
    "_source": [],
    "body": {
        "sort": [],
        "query": {
            "bool": []
        }
    }
}
