{
    "index": "entry",
    "_source": [],
    "body": {
        "sort": [
            {
                "test": "desc"
            }
        ],
        "query": {
            "bool": []
        }
    }
}
