{
    "index": "test2",
    "_source": [
        "id",
        "field1",
        "field2"
    ],
    "body": {
        "sort": [],
        "query": {
            "bool": []
        }
    },
    "size": 10
}
