{
    "index": "entry",
    "_source": [],
    "body": {
        "sort": [],
        "query": {
            "bool": {
                "fgh": [
                    {
                        "cde": {
                            "test": "abc"
                        }
                    }
                ]
            }
        }
    }
}
