<div class="g-recaptcha" data-sitekey="aabbccddeeff"></div>